#
# There is insufficient memory for the Java Runtime Environment to continue.
# Native memory allocation (malloc) failed to allocate 1397632 bytes. Error detail: Chunk::new
# Possible reasons:
#   The system is out of physical RAM or swap space
#   This process is running with CompressedOops enabled, and the Java Heap may be blocking the growth of the native heap
# Possible solutions:
#   Reduce memory load on the system
#   Increase physical memory or swap space
#   Check if swap backing store is full
#   Decrease Java heap size (-Xmx/-Xms)
#   Decrease number of Java threads
#   Decrease Java thread stack sizes (-Xss)
#   Set larger code cache with -XX:ReservedCodeCacheSize=
#   JVM is running with Unscaled Compressed Oops mode in which the Java heap is
#     placed in the first 4GB address space. The Java Heap base address is the
#     maximum limit for the native heap growth. Please use -XX:HeapBaseMinAddress
#     to set the Java Heap base and to place the Java Heap above 4GB virtual address.
# This output file may be truncated or incomplete.
#
#  Out of Memory Error (arena.cpp:168), pid=2464, tid=20276
#
# JRE version: OpenJDK Runtime Environment Temurin-21.0.11+10 (21.0.11+10) (build 21.0.11+10-LTS)
# Java VM: OpenJDK 64-Bit Server VM Temurin-21.0.11+10 (21.0.11+10-LTS, mixed mode, sharing, tiered, compressed oops, compressed class ptrs, parallel gc, windows-amd64)
# No core dump will be written. Minidumps are not enabled by default on client versions of Windows
#

---------------  S U M M A R Y ------------

Command Line: --add-modules=ALL-SYSTEM --add-opens=java.base/java.util=ALL-UNNAMED --add-opens=java.base/java.lang=ALL-UNNAMED --add-opens=java.base/sun.nio.fs=ALL-UNNAMED -Declipse.application=org.eclipse.jdt.ls.core.id1 -Dosgi.bundles.defaultStartLevel=4 -Declipse.product=org.eclipse.jdt.ls.core.product -Djava.import.generatesMetadataFilesAtProjectRoot=false -DDetectVMInstallationsJob.disabled=true -Dfile.encoding=utf8 -XX:+UseParallelGC -XX:GCTimeRatio=4 -XX:AdaptiveSizePolicyWeight=90 -Dsun.zip.disableMemoryMapping=true -Xmx2G -Xms100m -Xlog:disable -javaagent:c:\Users\LOQ 2\.vscode\extensions\redhat.java-1.55.0-win32-x64\lombok\lombok-1.18.39-4050.jar -XX:+HeapDumpOnOutOfMemoryError -XX:HeapDumpPath=c:\Users\LOQ 2\AppData\Roaming\Code\User\workspaceStorage\fdb34aa37b70fd6e0df7580ce70d9c09\redhat.java -Daether.dependencyCollector.impl=bf c:\Users\LOQ 2\.vscode\extensions\redhat.java-1.55.0-win32-x64\server\plugins\org.eclipse.equinox.launcher_1.7.200.v20260619-2039.jar -configuration c:\Users\LOQ 2\AppData\Roaming\Code\User\globalStorage\redhat.java\1.55.0\config_win -data c:\Users\LOQ 2\AppData\Roaming\Code\User\workspaceStorage\fdb34aa37b70fd6e0df7580ce70d9c09\redhat.java\jdt_ws --pipe=\\.\pipe\lsp-22b7b440754f1336e6cd4f950406f3fa-sock

Host: 12th Gen Intel(R) Core(TM) i5-12450HX, 12 cores, 11G,  Windows 11 , 64 bit Build 26100 (10.0.26100.9168)
Time: Fri Aug 28 11:24:12 2026 SE Asia Standard Time elapsed time: 35.699442 seconds (0d 0h 0m 35s)

---------------  T H R E A D  ---------------

Current thread (0x00000233a3b4e740):  JavaThread "C2 CompilerThread0" daemon [_thread_in_native, id=20276, stack(0x0000006a38f00000,0x0000006a39000000) (1024K)]


Current CompileTask:
C2:35699 7113       4       java.lang.invoke.MemberName::getMethodOrFieldType (72 bytes)

Stack: [0x0000006a38f00000,0x0000006a39000000]
Native frames: (J=compiled Java code, j=interpreted, Vv=VM code, C=native code)
V  [jvm.dll+0x6d7e19]
V  [jvm.dll+0x8b5096]
V  [jvm.dll+0x8b764e]
V  [jvm.dll+0x8b7d33]
V  [jvm.dll+0x284596]
V  [jvm.dll+0xc685d]
V  [jvm.dll+0xc6da1]
V  [jvm.dll+0x3bed6b]
V  [jvm.dll+0x1e4149]
V  [jvm.dll+0x24c853]
V  [jvm.dll+0x24bce0]
V  [jvm.dll+0x1cb4ae]
V  [jvm.dll+0x25baad]
V  [jvm.dll+0x25a03a]
V  [jvm.dll+0x3f868e]
V  [jvm.dll+0x85fb0d]
V  [jvm.dll+0x6d664d]
C  [ucrtbase.dll+0x2cd30]
C  [KERNEL32.DLL+0x2ccb7]
C  [ntdll.dll+0xaad6c]


---------------  P R O C E S S  ---------------

Threads class SMR info:
_java_thread_list=0x00000233fcbd6eb0, length=55, elements={
0x00000233a3a9ed90, 0x00000233ba54e8f0, 0x00000233a3b441c0, 0x00000233a3b46d20,
0x00000233a3b49c30, 0x00000233a3b4ca90, 0x00000233a3b4d4f0, 0x00000233a3b4e740,
0x00000233fc908a30, 0x00000233fca9a630, 0x00000233fcbd9170, 0x00000233fd98ddc0,
0x00000233fc8f5a30, 0x00000233fcb3a6c0, 0x00000233fc93d440, 0x00000233fe719590,
0x00000233fe3658e0, 0x00000233fe40b460, 0x00000233fdc34080, 0x00000233fe7181d0,
0x00000233fed78a60, 0x00000233fed75c70, 0x00000233fed77d40, 0x00000233fed783d0,
0x00000233fed76300, 0x00000233fed76990, 0x00000233fed77020, 0x00000233fed776b0,
0x0000023384fb5210, 0x0000023384fb58a0, 0x0000023384fb37d0, 0x0000023384fb3e60,
0x0000023384fb2420, 0x0000023384fb44f0, 0x0000023384fb4b80, 0x0000023384fb5f30,
0x0000023384fb2ab0, 0x0000023384fb65c0, 0x0000023384fb3140, 0x0000023384fb8000,
0x0000023384fb8690, 0x0000023384fb8d20, 0x0000023384fb9a40, 0x0000023384fb6c50,
0x0000023384fb7970, 0x00000233867e8b60, 0x00000233867e9f10, 0x00000233867e9880,
0x00000233867ea5a0, 0x00000233867eac30, 0x00000233867e91f0, 0x00000233867e7e40,
0x00000233867ef460, 0x00000233867eedd0, 0x00000233867ebfe0
}

Java Threads: ( => current thread )
  0x00000233a3a9ed90 JavaThread "main"                              [_thread_blocked, id=6156, stack(0x0000006a38500000,0x0000006a38600000) (1024K)]
  0x00000233ba54e8f0 JavaThread "Reference Handler"          daemon [_thread_blocked, id=10196, stack(0x0000006a38900000,0x0000006a38a00000) (1024K)]
  0x00000233a3b441c0 JavaThread "Finalizer"                  daemon [_thread_blocked, id=15780, stack(0x0000006a38a00000,0x0000006a38b00000) (1024K)]
  0x00000233a3b46d20 JavaThread "Signal Dispatcher"          daemon [_thread_blocked, id=22768, stack(0x0000006a38b00000,0x0000006a38c00000) (1024K)]
  0x00000233a3b49c30 JavaThread "Attach Listener"            daemon [_thread_blocked, id=19312, stack(0x0000006a38c00000,0x0000006a38d00000) (1024K)]
  0x00000233a3b4ca90 JavaThread "Service Thread"             daemon [_thread_blocked, id=12208, stack(0x0000006a38d00000,0x0000006a38e00000) (1024K)]
  0x00000233a3b4d4f0 JavaThread "Monitor Deflation Thread"   daemon [_thread_blocked, id=24880, stack(0x0000006a38e00000,0x0000006a38f00000) (1024K)]
=>0x00000233a3b4e740 JavaThread "C2 CompilerThread0"         daemon [_thread_in_native, id=20276, stack(0x0000006a38f00000,0x0000006a39000000) (1024K)]
  0x00000233fc908a30 JavaThread "C1 CompilerThread0"         daemon [_thread_blocked, id=14692, stack(0x0000006a39000000,0x0000006a39100000) (1024K)]
  0x00000233fca9a630 JavaThread "Common-Cleaner"             daemon [_thread_blocked, id=25048, stack(0x0000006a39100000,0x0000006a39200000) (1024K)]
  0x00000233fcbd9170 JavaThread "Notification Thread"        daemon [_thread_blocked, id=1340, stack(0x0000006a39200000,0x0000006a39300000) (1024K)]
  0x00000233fd98ddc0 JavaThread "Active Thread: Equinox Container: 7db30b05-0fd6-45fc-a1ea-b785e8931370"        [_thread_blocked, id=24148, stack(0x0000006a39900000,0x0000006a39a00000) (1024K)]
  0x00000233fc8f5a30 JavaThread "Refresh Thread: Equinox Container: 7db30b05-0fd6-45fc-a1ea-b785e8931370" daemon [_thread_blocked, id=20588, stack(0x0000006a39b00000,0x0000006a39c00000) (1024K)]
  0x00000233fcb3a6c0 JavaThread "Framework Event Dispatcher: Equinox Container: 7db30b05-0fd6-45fc-a1ea-b785e8931370" daemon [_thread_blocked, id=4572, stack(0x0000006a39c00000,0x0000006a39d00000) (1024K)]
  0x00000233fc93d440 JavaThread "Start Level: Equinox Container: 7db30b05-0fd6-45fc-a1ea-b785e8931370" daemon [_thread_blocked, id=13692, stack(0x0000006a39d00000,0x0000006a39e00000) (1024K)]
  0x00000233fe719590 JavaThread "Bundle File Closer"         daemon [_thread_blocked, id=24672, stack(0x0000006a3a100000,0x0000006a3a200000) (1024K)]
  0x00000233fe3658e0 JavaThread "SCR Component Actor"        daemon [_thread_blocked, id=14404, stack(0x0000006a39e00000,0x0000006a39f00000) (1024K)]
  0x00000233fe40b460 JavaThread "Worker-JM"                         [_thread_blocked, id=5496, stack(0x0000006a3a400000,0x0000006a3a500000) (1024K)]
  0x00000233fdc34080 JavaThread "JNA Cleaner"                daemon [_thread_blocked, id=22336, stack(0x0000006a3a200000,0x0000006a3a300000) (1024K)]
  0x00000233fe7181d0 JavaThread "Worker-0"                          [_thread_blocked, id=13712, stack(0x0000006a3a300000,0x0000006a3a400000) (1024K)]
  0x00000233fed78a60 JavaThread "Worker-1"                          [_thread_blocked, id=2908, stack(0x0000006a3a500000,0x0000006a3a600000) (1024K)]
  0x00000233fed75c70 JavaThread "Java indexing"              daemon [_thread_blocked, id=22388, stack(0x0000006a3a700000,0x0000006a3a800000) (1024K)]
  0x00000233fed77d40 JavaThread "Worker-2"                          [_thread_blocked, id=2904, stack(0x0000006a3a800000,0x0000006a3a900000) (1024K)]
  0x00000233fed783d0 JavaThread "Worker-3: Initialize Workspace"        [_thread_in_Java, id=23420, stack(0x0000006a3ab00000,0x0000006a3ac00000) (1024K)]
  0x00000233fed76300 JavaThread "Worker-4"                          [_thread_blocked, id=12508, stack(0x0000006a3ac00000,0x0000006a3ad00000) (1024K)]
  0x00000233fed76990 JavaThread "Worker-5: Synchronize Gradle projects with workspace"        [_thread_blocked, id=13344, stack(0x0000006a3ad00000,0x0000006a3ae00000) (1024K)]
  0x00000233fed77020 JavaThread "Thread-1"                   daemon [_thread_in_native, id=22488, stack(0x0000006a3ae00000,0x0000006a3af00000) (1024K)]
  0x00000233fed776b0 JavaThread "Thread-2"                   daemon [_thread_in_native, id=1980, stack(0x0000006a3af00000,0x0000006a3b000000) (1024K)]
  0x0000023384fb5210 JavaThread "Thread-3"                   daemon [_thread_in_native, id=24960, stack(0x0000006a3b000000,0x0000006a3b100000) (1024K)]
  0x0000023384fb58a0 JavaThread "Thread-4"                   daemon [_thread_in_native, id=24552, stack(0x0000006a3b100000,0x0000006a3b200000) (1024K)]
  0x0000023384fb37d0 JavaThread "Thread-5"                   daemon [_thread_in_native, id=9804, stack(0x0000006a3b200000,0x0000006a3b300000) (1024K)]
  0x0000023384fb3e60 JavaThread "Thread-6"                   daemon [_thread_in_native, id=18360, stack(0x0000006a3b300000,0x0000006a3b400000) (1024K)]
  0x0000023384fb2420 JavaThread "Thread-7"                   daemon [_thread_in_native, id=1728, stack(0x0000006a3b400000,0x0000006a3b500000) (1024K)]
  0x0000023384fb44f0 JavaThread "Thread-8"                   daemon [_thread_in_native, id=24020, stack(0x0000006a3b500000,0x0000006a3b600000) (1024K)]
  0x0000023384fb4b80 JavaThread "Thread-9"                   daemon [_thread_in_native, id=2120, stack(0x0000006a3b600000,0x0000006a3b700000) (1024K)]
  0x0000023384fb5f30 JavaThread "Thread-10"                  daemon [_thread_in_native, id=4044, stack(0x0000006a3b700000,0x0000006a3b800000) (1024K)]
  0x0000023384fb2ab0 JavaThread "Thread-11"                  daemon [_thread_in_native, id=12332, stack(0x0000006a3b800000,0x0000006a3b900000) (1024K)]
  0x0000023384fb65c0 JavaThread "Thread-12"                  daemon [_thread_in_native, id=22460, stack(0x0000006a3b900000,0x0000006a3ba00000) (1024K)]
  0x0000023384fb3140 JavaThread "Thread-13"                  daemon [_thread_in_native, id=9940, stack(0x0000006a3ba00000,0x0000006a3bb00000) (1024K)]
  0x0000023384fb8000 JavaThread "pool-2-thread-1"                   [_thread_blocked, id=3976, stack(0x0000006a3bb00000,0x0000006a3bc00000) (1024K)]
  0x0000023384fb8690 JavaThread "Timer-0"                           [_thread_blocked, id=9796, stack(0x0000006a3bc00000,0x0000006a3bd00000) (1024K)]
  0x0000023384fb8d20 JavaThread "Timer-1"                           [_thread_blocked, id=16116, stack(0x0000006a3bd00000,0x0000006a3be00000) (1024K)]
  0x0000023384fb9a40 JavaThread "WorkspaceEventsHandler"            [_thread_blocked, id=22420, stack(0x0000006a3be00000,0x0000006a3bf00000) (1024K)]
  0x0000023384fb6c50 JavaThread "pool-1-thread-1"                   [_thread_blocked, id=3228, stack(0x0000006a3bf00000,0x0000006a3c000000) (1024K)]
  0x0000023384fb7970 JavaThread "ProjectImportProgressReporter" daemon [_thread_blocked, id=1984, stack(0x0000006a3c100000,0x0000006a3c200000) (1024K)]
  0x00000233867e8b60 JavaThread "Timer-2"                           [_thread_blocked, id=6964, stack(0x0000006a3c200000,0x0000006a3c300000) (1024K)]
  0x00000233867e9f10 JavaThread "Worker-6"                          [_thread_blocked, id=26244, stack(0x0000006a3c400000,0x0000006a3c500000) (1024K)]
  0x00000233867e9880 JavaThread "Timer-3"                           [_thread_blocked, id=9980, stack(0x0000006a3c000000,0x0000006a3c100000) (1024K)]
  0x00000233867ea5a0 JavaThread "Timer-4"                           [_thread_blocked, id=18220, stack(0x0000006a3c300000,0x0000006a3c400000) (1024K)]
  0x00000233867eac30 JavaThread "Timer-5"                           [_thread_blocked, id=9744, stack(0x0000006a3c500000,0x0000006a3c600000) (1024K)]
  0x00000233867e91f0 JavaThread "Timer-6"                           [_thread_blocked, id=11908, stack(0x0000006a3c600000,0x0000006a3c700000) (1024K)]
  0x00000233867e7e40 JavaThread "Timer-7"                           [_thread_blocked, id=21196, stack(0x0000006a3c700000,0x0000006a3c800000) (1024K)]
  0x00000233867ef460 JavaThread "Exec process"                      [_thread_blocked, id=13528, stack(0x0000006a3a600000,0x0000006a3a700000) (1024K)]
  0x00000233867eedd0 JavaThread "Exec process Thread 2"             [_thread_blocked, id=12308, stack(0x0000006a3c900000,0x0000006a3ca00000) (1024K)]
  0x00000233867ebfe0 JavaThread "Exec process Thread 3"             [_thread_blocked, id=20964, stack(0x0000006a3ca00000,0x0000006a3cb00000) (1024K)]
Total: 55

Other Threads:
  0x00000233ba534970 VMThread "VM Thread"                           [id=23244, stack(0x0000006a38800000,0x0000006a38900000) (1024K)]
  0x00000233ba42ca00 WatcherThread "VM Periodic Task Thread"        [id=25460, stack(0x0000006a38700000,0x0000006a38800000) (1024K)]
  0x00000233a3abd380 WorkerThread "GC Thread#0"                     [id=7152, stack(0x0000006a38600000,0x0000006a38700000) (1024K)]
  0x00000233fd9f6750 WorkerThread "GC Thread#1"                     [id=23556, stack(0x0000006a39300000,0x0000006a39400000) (1024K)]
  0x00000233fcc124a0 WorkerThread "GC Thread#2"                     [id=22660, stack(0x0000006a39400000,0x0000006a39500000) (1024K)]
  0x00000233fcc12850 WorkerThread "GC Thread#3"                     [id=11612, stack(0x0000006a39500000,0x0000006a39600000) (1024K)]
  0x00000233fcc12c00 WorkerThread "GC Thread#4"                     [id=1924, stack(0x0000006a39600000,0x0000006a39700000) (1024K)]
  0x00000233fcc12fb0 WorkerThread "GC Thread#5"                     [id=8364, stack(0x0000006a39700000,0x0000006a39800000) (1024K)]
  0x00000233fcc13360 WorkerThread "GC Thread#6"                     [id=26180, stack(0x0000006a39800000,0x0000006a39900000) (1024K)]
  0x00000233fdf0ea40 WorkerThread "GC Thread#7"                     [id=10432, stack(0x0000006a39a00000,0x0000006a39b00000) (1024K)]
  0x00000233fdb01cc0 WorkerThread "GC Thread#8"                     [id=17944, stack(0x0000006a39f00000,0x0000006a3a000000) (1024K)]
  0x00000233fdb02070 WorkerThread "GC Thread#9"                     [id=25296, stack(0x0000006a3a000000,0x0000006a3a100000) (1024K)]
Total: 12

Threads with active compile tasks:
C2 CompilerThread0  35735 7113       4       java.lang.invoke.MemberName::getMethodOrFieldType (72 bytes)
Total: 1

VM state: not at safepoint (normal execution)

VM Mutex/Monitor currently owned by a thread: None

Heap address: 0x0000000080000000, size: 2048 MB, Compressed Oops mode: 32-bit

CDS archive(s) mapped at: [0x00000233bb000000-0x00000233bbba0000-0x00000233bbba0000), size 12189696, SharedBaseAddress: 0x00000233bb000000, ArchiveRelocationMode: 1.
Compressed class space mapped at: 0x00000233bc000000-0x00000233fc000000, reserved size: 1073741824
Narrow klass base: 0x00000233bb000000, Narrow klass shift: 0, Narrow klass range: 0x100000000

GC Precious Log:
 CardTable entry size: 512
 CPUs: 12 total, 12 available
 Memory: 12011M
 Large Page Support: Disabled
 NUMA Support: Disabled
 Compressed Oops: Enabled (32-bit)
 Alignments: Space 512K, Generation 512K, Heap 2M
 Heap Min Capacity: 100M
 Heap Initial Capacity: 100M
 Heap Max Capacity: 2G
 Pre-touch: Disabled
 Parallel Workers: 10

Heap:
 PSYoungGen      total 23552K, used 13576K [0x00000000d5580000, 0x00000000d6e80000, 0x0000000100000000)
  eden space 22016K, 59% used [0x00000000d5580000,0x00000000d6242000,0x00000000d6b00000)
  from space 1536K, 33% used [0x00000000d6b80000,0x00000000d6c00000,0x00000000d6d00000)
  to   space 1024K, 0% used [0x00000000d6d80000,0x00000000d6d80000,0x00000000d6e80000)
 ParOldGen       total 68608K, used 42388K [0x0000000080000000, 0x0000000084300000, 0x00000000d5580000)
  object space 68608K, 61% used [0x0000000080000000,0x00000000829650f0,0x0000000084300000)
 Metaspace       used 63227K, committed 64576K, reserved 1114112K
  class space    used 8062K, committed 8640K, reserved 1048576K

Card table byte_map: [0x00000233a3460000,0x00000233a3870000] _byte_map_base: 0x00000233a3060000

Marking Bits: (ParMarkBitMap*) 0x00007ffd44424460
 Begin Bits: [0x00000233b5f50000, 0x00000233b7f50000)
 End Bits:   [0x00000233b7f50000, 0x00000233b9f50000)

Polling page: 0x00000233a1990000

Metaspace:

Usage:
  Non-class:     53.87 MB used.
      Class:      7.87 MB used.
       Both:     61.75 MB used.

Virtual space:
  Non-class space:       64.00 MB reserved,      54.62 MB ( 85%) committed,  1 nodes.
      Class space:        1.00 GB reserved,       8.44 MB ( <1%) committed,  1 nodes.
             Both:        1.06 GB reserved,      63.06 MB (  6%) committed. 

Chunk freelists:
   Non-Class:  9.34 MB
       Class:  7.59 MB
        Both:  16.94 MB

MaxMetaspaceSize: unlimited
CompressedClassSpaceSize: 1.00 GB
Initial GC threshold: 21.00 MB
Current GC threshold: 97.31 MB
CDS: on
 - commit_granule_bytes: 65536.
 - commit_granule_words: 8192.
 - virtual_space_node_default_size: 8388608.
 - enlarge_chunks_in_place: 1.
 - use_allocation_guard: 0.


Internal statistics:

num_allocs_failed_limit: 9.
num_arena_births: 1122.
num_arena_deaths: 26.
num_vsnodes_births: 2.
num_vsnodes_deaths: 0.
num_space_committed: 1009.
num_space_uncommitted: 0.
num_chunks_returned_to_freelist: 36.
num_chunks_taken_from_freelist: 3979.
num_chunk_merges: 17.
num_chunk_splits: 2497.
num_chunks_enlarged: 1462.
num_inconsistent_stats: 0.

CodeHeap 'non-profiled nmethods': size=120000Kb used=3973Kb max_used=3973Kb free=116026Kb
 bounds [0x00000233ae770000, 0x00000233aeb60000, 0x00000233b5ca0000]
CodeHeap 'profiled nmethods': size=120000Kb used=12539Kb max_used=12539Kb free=107460Kb
 bounds [0x00000233a6ca0000, 0x00000233a78e0000, 0x00000233ae1d0000]
CodeHeap 'non-nmethods': size=5760Kb used=1381Kb max_used=1460Kb free=4378Kb
 bounds [0x00000233ae1d0000, 0x00000233ae440000, 0x00000233ae770000]
CodeCache: size=245760Kb, used=17893Kb, max_used=17972Kb, free=227864Kb
 total_blobs=7163, nmethods=6481, adapters=588, full_count=0
Compilation: enabled, stopped_count=0, restarted_count=0

Compilation events (20 events):
Event: 34.100 Thread 0x00000233fc908a30 7125       3       java.util.Formatter$FormatSpecifier::print (57 bytes)
Event: 34.101 Thread 0x00000233fc908a30 nmethod 7125 0x00000233a78d4790 code [0x00000233a78d4a00, 0x00000233a78d53b0]
Event: 34.210 Thread 0x00000233fc908a30 7128       3       java.lang.reflect.ProxyGenerator::checkReturnTypes (288 bytes)
Event: 34.213 Thread 0x00000233fc908a30 nmethod 7128 0x00000233a78d5790 code [0x00000233a78d5ca0, 0x00000233a78d82b8]
Event: 34.213 Thread 0x00000233fc908a30 7130       3       java.lang.reflect.ProxyGenerator$ProxyMethod::codeFieldInitialization (159 bytes)
Event: 34.214 Thread 0x00000233fc908a30 nmethod 7130 0x00000233a78d8f90 code [0x00000233a78d9240, 0x00000233a78d9d30]
Event: 34.214 Thread 0x00000233fc908a30 7129       3       jdk.internal.org.objectweb.asm.SymbolTable::addMergedType (164 bytes)
Event: 34.216 Thread 0x00000233fc908a30 nmethod 7129 0x00000233a78da110 code [0x00000233a78da340, 0x00000233a78da9b0]
Event: 34.223 Thread 0x00000233fc908a30 7133       3       java.lang.ProcessEnvironment$EntryComparator::compare (13 bytes)
Event: 34.223 Thread 0x00000233fc908a30 nmethod 7133 0x00000233a78dad90 code [0x00000233a78dafa0, 0x00000233a78db6f8]
Event: 34.223 Thread 0x00000233fc908a30 7134       3       java.lang.ProcessEnvironment$EntryComparator::compare (25 bytes)
Event: 34.224 Thread 0x00000233fc908a30 nmethod 7134 0x00000233a78db890 code [0x00000233a78dba80, 0x00000233a78dbf60]
Event: 34.875 Thread 0x00000233fc908a30 7136       3       com.google.gson.stream.JsonWriter::newline (55 bytes)
Event: 34.875 Thread 0x00000233fc908a30 nmethod 7136 0x00000233a78dc110 code [0x00000233a78dc300, 0x00000233a78dc738]
Event: 35.335 Thread 0x00000233fc908a30 7137       3       java.util.TaskQueue::getMin (7 bytes)
Event: 35.335 Thread 0x00000233fc908a30 nmethod 7137 0x00000233a78dc910 code [0x00000233a78dcac0, 0x00000233a78dcbf8]
Event: 35.361 Thread 0x00000233fc908a30 7138       3       java.util.concurrent.ConcurrentLinkedQueue::isEmpty (13 bytes)
Event: 35.361 Thread 0x00000233fc908a30 nmethod 7138 0x00000233a78dcd10 code [0x00000233a78dcec0, 0x00000233a78dd068]
Event: 35.361 Thread 0x00000233fc908a30 7139       3       java.util.concurrent.ConcurrentLinkedQueue::first (65 bytes)
Event: 35.364 Thread 0x00000233fc908a30 nmethod 7139 0x00000233a78dd110 code [0x00000233a78dd4a0, 0x00000233a78dec38]

GC Heap History (20 events):
Event: 31.411 GC heap before
{Heap before GC invocations=35 (full 3):
 PSYoungGen      total 22528K, used 22502K [0x00000000d5580000, 0x00000000d7100000, 0x0000000100000000)
  eden space 22016K, 100% used [0x00000000d5580000,0x00000000d6b00000,0x00000000d6b00000)
  from space 512K, 95% used [0x00000000d7000000,0x00000000d7079a10,0x00000000d7080000)
  to   space 512K, 0% used [0x00000000d7080000,0x00000000d7080000,0x00000000d7100000)
 ParOldGen       total 68608K, used 38849K [0x0000000080000000, 0x0000000084300000, 0x00000000d5580000)
  object space 68608K, 56% used [0x0000000080000000,0x00000000825f0460,0x0000000084300000)
 Metaspace       used 60321K, committed 61568K, reserved 1114112K
  class space    used 7662K, committed 8192K, reserved 1048576K
}
Event: 31.413 GC heap after
{Heap after GC invocations=35 (full 3):
 PSYoungGen      total 22528K, used 511K [0x00000000d5580000, 0x00000000d7100000, 0x0000000100000000)
  eden space 22016K, 0% used [0x00000000d5580000,0x00000000d5580000,0x00000000d6b00000)
  from space 512K, 99% used [0x00000000d7080000,0x00000000d70ffdb8,0x00000000d7100000)
  to   space 1536K, 0% used [0x00000000d6e00000,0x00000000d6e00000,0x00000000d6f80000)
 ParOldGen       total 68608K, used 39543K [0x0000000080000000, 0x0000000084300000, 0x00000000d5580000)
  object space 68608K, 57% used [0x0000000080000000,0x000000008269de48,0x0000000084300000)
 Metaspace       used 60321K, committed 61568K, reserved 1114112K
  class space    used 7662K, committed 8192K, reserved 1048576K
}
Event: 31.703 GC heap before
{Heap before GC invocations=36 (full 3):
 PSYoungGen      total 22528K, used 22527K [0x00000000d5580000, 0x00000000d7100000, 0x0000000100000000)
  eden space 22016K, 100% used [0x00000000d5580000,0x00000000d6b00000,0x00000000d6b00000)
  from space 512K, 99% used [0x00000000d7080000,0x00000000d70ffdb8,0x00000000d7100000)
  to   space 1536K, 0% used [0x00000000d6e00000,0x00000000d6e00000,0x00000000d6f80000)
 ParOldGen       total 68608K, used 39543K [0x0000000080000000, 0x0000000084300000, 0x00000000d5580000)
  object space 68608K, 57% used [0x0000000080000000,0x000000008269de48,0x0000000084300000)
 Metaspace       used 60322K, committed 61568K, reserved 1114112K
  class space    used 7662K, committed 8192K, reserved 1048576K
}
Event: 31.704 GC heap after
{Heap after GC invocations=36 (full 3):
 PSYoungGen      total 23552K, used 362K [0x00000000d5580000, 0x00000000d7100000, 0x0000000100000000)
  eden space 22016K, 0% used [0x00000000d5580000,0x00000000d5580000,0x00000000d6b00000)
  from space 1536K, 23% used [0x00000000d6e00000,0x00000000d6e5a9a0,0x00000000d6f80000)
  to   space 1024K, 0% used [0x00000000d7000000,0x00000000d7000000,0x00000000d7100000)
 ParOldGen       total 68608K, used 39711K [0x0000000080000000, 0x0000000084300000, 0x00000000d5580000)
  object space 68608K, 57% used [0x0000000080000000,0x00000000826c7e48,0x0000000084300000)
 Metaspace       used 60322K, committed 61568K, reserved 1114112K
  class space    used 7662K, committed 8192K, reserved 1048576K
}
Event: 31.944 GC heap before
{Heap before GC invocations=37 (full 3):
 PSYoungGen      total 23552K, used 22378K [0x00000000d5580000, 0x00000000d7100000, 0x0000000100000000)
  eden space 22016K, 100% used [0x00000000d5580000,0x00000000d6b00000,0x00000000d6b00000)
  from space 1536K, 23% used [0x00000000d6e00000,0x00000000d6e5a9a0,0x00000000d6f80000)
  to   space 1024K, 0% used [0x00000000d7000000,0x00000000d7000000,0x00000000d7100000)
 ParOldGen       total 68608K, used 39711K [0x0000000080000000, 0x0000000084300000, 0x00000000d5580000)
  object space 68608K, 57% used [0x0000000080000000,0x00000000826c7e48,0x0000000084300000)
 Metaspace       used 60427K, committed 61696K, reserved 1114112K
  class space    used 7665K, committed 8192K, reserved 1048576K
}
Event: 31.946 GC heap after
{Heap after GC invocations=37 (full 3):
 PSYoungGen      total 23040K, used 1023K [0x00000000d5580000, 0x00000000d7100000, 0x0000000100000000)
  eden space 22016K, 0% used [0x00000000d5580000,0x00000000d5580000,0x00000000d6b00000)
  from space 1024K, 99% used [0x00000000d7000000,0x00000000d70ffd00,0x00000000d7100000)
  to   space 2048K, 0% used [0x00000000d6d00000,0x00000000d6d00000,0x00000000d6f00000)
 ParOldGen       total 68608K, used 40113K [0x0000000080000000, 0x0000000084300000, 0x00000000d5580000)
  object space 68608K, 58% used [0x0000000080000000,0x000000008272c748,0x0000000084300000)
 Metaspace       used 60427K, committed 61696K, reserved 1114112K
  class space    used 7665K, committed 8192K, reserved 1048576K
}
Event: 32.211 GC heap before
{Heap before GC invocations=38 (full 3):
 PSYoungGen      total 23040K, used 23039K [0x00000000d5580000, 0x00000000d7100000, 0x0000000100000000)
  eden space 22016K, 100% used [0x00000000d5580000,0x00000000d6b00000,0x00000000d6b00000)
  from space 1024K, 99% used [0x00000000d7000000,0x00000000d70ffd00,0x00000000d7100000)
  to   space 2048K, 0% used [0x00000000d6d00000,0x00000000d6d00000,0x00000000d6f00000)
 ParOldGen       total 68608K, used 40113K [0x0000000080000000, 0x0000000084300000, 0x00000000d5580000)
  object space 68608K, 58% used [0x0000000080000000,0x000000008272c748,0x0000000084300000)
 Metaspace       used 60560K, committed 61824K, reserved 1114112K
  class space    used 7671K, committed 8192K, reserved 1048576K
}
Event: 32.214 GC heap after
{Heap after GC invocations=38 (full 3):
 PSYoungGen      total 23552K, used 1501K [0x00000000d5580000, 0x00000000d7080000, 0x0000000100000000)
  eden space 22016K, 0% used [0x00000000d5580000,0x00000000d5580000,0x00000000d6b00000)
  from space 1536K, 97% used [0x00000000d6d00000,0x00000000d6e77748,0x00000000d6e80000)
  to   space 2048K, 0% used [0x00000000d6e80000,0x00000000d6e80000,0x00000000d7080000)
 ParOldGen       total 68608K, used 40369K [0x0000000080000000, 0x0000000084300000, 0x00000000d5580000)
  object space 68608K, 58% used [0x0000000080000000,0x000000008276c758,0x0000000084300000)
 Metaspace       used 60560K, committed 61824K, reserved 1114112K
  class space    used 7671K, committed 8192K, reserved 1048576K
}
Event: 32.514 GC heap before
{Heap before GC invocations=39 (full 3):
 PSYoungGen      total 23552K, used 23517K [0x00000000d5580000, 0x00000000d7080000, 0x0000000100000000)
  eden space 22016K, 100% used [0x00000000d5580000,0x00000000d6b00000,0x00000000d6b00000)
  from space 1536K, 97% used [0x00000000d6d00000,0x00000000d6e77748,0x00000000d6e80000)
  to   space 2048K, 0% used [0x00000000d6e80000,0x00000000d6e80000,0x00000000d7080000)
 ParOldGen       total 68608K, used 40369K [0x0000000080000000, 0x0000000084300000, 0x00000000d5580000)
  object space 68608K, 58% used [0x0000000080000000,0x000000008276c758,0x0000000084300000)
 Metaspace       used 60560K, committed 61824K, reserved 1114112K
  class space    used 7671K, committed 8192K, reserved 1048576K
}
Event: 32.516 GC heap after
{Heap after GC invocations=39 (full 3):
 PSYoungGen      total 23040K, used 844K [0x00000000d5580000, 0x00000000d6f80000, 0x0000000100000000)
  eden space 22016K, 0% used [0x00000000d5580000,0x00000000d5580000,0x00000000d6b00000)
  from space 1024K, 82% used [0x00000000d6e80000,0x00000000d6f531c8,0x00000000d6f80000)
  to   space 1536K, 0% used [0x00000000d6c80000,0x00000000d6c80000,0x00000000d6e00000)
 ParOldGen       total 68608K, used 40695K [0x0000000080000000, 0x0000000084300000, 0x00000000d5580000)
  object space 68608K, 59% used [0x0000000080000000,0x00000000827bdd20,0x0000000084300000)
 Metaspace       used 60560K, committed 61824K, reserved 1114112K
  class space    used 7671K, committed 8192K, reserved 1048576K
}
Event: 32.799 GC heap before
{Heap before GC invocations=40 (full 3):
 PSYoungGen      total 23040K, used 22860K [0x00000000d5580000, 0x00000000d6f80000, 0x0000000100000000)
  eden space 22016K, 100% used [0x00000000d5580000,0x00000000d6b00000,0x00000000d6b00000)
  from space 1024K, 82% used [0x00000000d6e80000,0x00000000d6f531c8,0x00000000d6f80000)
  to   space 1536K, 0% used [0x00000000d6c80000,0x00000000d6c80000,0x00000000d6e00000)
 ParOldGen       total 68608K, used 40695K [0x0000000080000000, 0x0000000084300000, 0x00000000d5580000)
  object space 68608K, 59% used [0x0000000080000000,0x00000000827bdd20,0x0000000084300000)
 Metaspace       used 60560K, committed 61824K, reserved 1114112K
  class space    used 7671K, committed 8192K, reserved 1048576K
}
Event: 32.800 GC heap after
{Heap after GC invocations=40 (full 3):
 PSYoungGen      total 23552K, used 330K [0x00000000d5580000, 0x00000000d6f00000, 0x0000000100000000)
  eden space 22016K, 0% used [0x00000000d5580000,0x00000000d5580000,0x00000000d6b00000)
  from space 1536K, 21% used [0x00000000d6c80000,0x00000000d6cd29a0,0x00000000d6e00000)
  to   space 1024K, 0% used [0x00000000d6e00000,0x00000000d6e00000,0x00000000d6f00000)
 ParOldGen       total 68608K, used 40727K [0x0000000080000000, 0x0000000084300000, 0x00000000d5580000)
  object space 68608K, 59% used [0x0000000080000000,0x00000000827c5d20,0x0000000084300000)
 Metaspace       used 60560K, committed 61824K, reserved 1114112K
  class space    used 7671K, committed 8192K, reserved 1048576K
}
Event: 33.052 GC heap before
{Heap before GC invocations=41 (full 3):
 PSYoungGen      total 23552K, used 22346K [0x00000000d5580000, 0x00000000d6f00000, 0x0000000100000000)
  eden space 22016K, 100% used [0x00000000d5580000,0x00000000d6b00000,0x00000000d6b00000)
  from space 1536K, 21% used [0x00000000d6c80000,0x00000000d6cd29a0,0x00000000d6e00000)
  to   space 1024K, 0% used [0x00000000d6e00000,0x00000000d6e00000,0x00000000d6f00000)
 ParOldGen       total 68608K, used 40727K [0x0000000080000000, 0x0000000084300000, 0x00000000d5580000)
  object space 68608K, 59% used [0x0000000080000000,0x00000000827c5d20,0x0000000084300000)
 Metaspace       used 60560K, committed 61824K, reserved 1114112K
  class space    used 7671K, committed 8192K, reserved 1048576K
}
Event: 33.053 GC heap after
{Heap after GC invocations=41 (full 3):
 PSYoungGen      total 22528K, used 288K [0x00000000d5580000, 0x00000000d6e80000, 0x0000000100000000)
  eden space 22016K, 0% used [0x00000000d5580000,0x00000000d5580000,0x00000000d6b00000)
  from space 512K, 56% used [0x00000000d6e00000,0x00000000d6e48000,0x00000000d6e80000)
  to   space 512K, 0% used [0x00000000d6d80000,0x00000000d6d80000,0x00000000d6e00000)
 ParOldGen       total 68608K, used 40835K [0x0000000080000000, 0x0000000084300000, 0x00000000d5580000)
  object space 68608K, 59% used [0x0000000080000000,0x00000000827e0df0,0x0000000084300000)
 Metaspace       used 60560K, committed 61824K, reserved 1114112K
  class space    used 7671K, committed 8192K, reserved 1048576K
}
Event: 33.267 GC heap before
{Heap before GC invocations=42 (full 3):
 PSYoungGen      total 22528K, used 22304K [0x00000000d5580000, 0x00000000d6e80000, 0x0000000100000000)
  eden space 22016K, 100% used [0x00000000d5580000,0x00000000d6b00000,0x00000000d6b00000)
  from space 512K, 56% used [0x00000000d6e00000,0x00000000d6e48000,0x00000000d6e80000)
  to   space 512K, 0% used [0x00000000d6d80000,0x00000000d6d80000,0x00000000d6e00000)
 ParOldGen       total 68608K, used 40835K [0x0000000080000000, 0x0000000084300000, 0x00000000d5580000)
  object space 68608K, 59% used [0x0000000080000000,0x00000000827e0df0,0x0000000084300000)
 Metaspace       used 60560K, committed 61824K, reserved 1114112K
  class space    used 7671K, committed 8192K, reserved 1048576K
}
Event: 33.268 GC heap after
{Heap after GC invocations=42 (full 3):
 PSYoungGen      total 22528K, used 496K [0x00000000d5580000, 0x00000000d6e80000, 0x0000000100000000)
  eden space 22016K, 0% used [0x00000000d5580000,0x00000000d5580000,0x00000000d6b00000)
  from space 512K, 96% used [0x00000000d6d80000,0x00000000d6dfc280,0x00000000d6e00000)
  to   space 512K, 0% used [0x00000000d6e00000,0x00000000d6e00000,0x00000000d6e80000)
 ParOldGen       total 68608K, used 41428K [0x0000000080000000, 0x0000000084300000, 0x00000000d5580000)
  object space 68608K, 60% used [0x0000000080000000,0x00000000828751a0,0x0000000084300000)
 Metaspace       used 60560K, committed 61824K, reserved 1114112K
  class space    used 7671K, committed 8192K, reserved 1048576K
}
Event: 33.550 GC heap before
{Heap before GC invocations=43 (full 3):
 PSYoungGen      total 22528K, used 22512K [0x00000000d5580000, 0x00000000d6e80000, 0x0000000100000000)
  eden space 22016K, 99% used [0x00000000d5580000,0x00000000d6affe20,0x00000000d6b00000)
  from space 512K, 96% used [0x00000000d6d80000,0x00000000d6dfc280,0x00000000d6e00000)
  to   space 512K, 0% used [0x00000000d6e00000,0x00000000d6e00000,0x00000000d6e80000)
 ParOldGen       total 68608K, used 41428K [0x0000000080000000, 0x0000000084300000, 0x00000000d5580000)
  object space 68608K, 60% used [0x0000000080000000,0x00000000828751a0,0x0000000084300000)
 Metaspace       used 60560K, committed 61824K, reserved 1114112K
  class space    used 7671K, committed 8192K, reserved 1048576K
}
Event: 33.552 GC heap after
{Heap after GC invocations=43 (full 3):
 PSYoungGen      total 22528K, used 485K [0x00000000d5580000, 0x00000000d6e80000, 0x0000000100000000)
  eden space 22016K, 0% used [0x00000000d5580000,0x00000000d5580000,0x00000000d6b00000)
  from space 512K, 94% used [0x00000000d6e00000,0x00000000d6e79458,0x00000000d6e80000)
  to   space 1536K, 0% used [0x00000000d6b80000,0x00000000d6b80000,0x00000000d6d00000)
 ParOldGen       total 68608K, used 42324K [0x0000000080000000, 0x0000000084300000, 0x00000000d5580000)
  object space 68608K, 61% used [0x0000000080000000,0x00000000829550f0,0x0000000084300000)
 Metaspace       used 60560K, committed 61824K, reserved 1114112K
  class space    used 7671K, committed 8192K, reserved 1048576K
}
Event: 33.949 GC heap before
{Heap before GC invocations=44 (full 3):
 PSYoungGen      total 22528K, used 22501K [0x00000000d5580000, 0x00000000d6e80000, 0x0000000100000000)
  eden space 22016K, 100% used [0x00000000d5580000,0x00000000d6b00000,0x00000000d6b00000)
  from space 512K, 94% used [0x00000000d6e00000,0x00000000d6e79458,0x00000000d6e80000)
  to   space 1536K, 0% used [0x00000000d6b80000,0x00000000d6b80000,0x00000000d6d00000)
 ParOldGen       total 68608K, used 42324K [0x0000000080000000, 0x0000000084300000, 0x00000000d5580000)
  object space 68608K, 61% used [0x0000000080000000,0x00000000829550f0,0x0000000084300000)
 Metaspace       used 61708K, committed 63040K, reserved 1114112K
  class space    used 7834K, committed 8448K, reserved 1048576K
}
Event: 33.950 GC heap after
{Heap after GC invocations=44 (full 3):
 PSYoungGen      total 23552K, used 512K [0x00000000d5580000, 0x00000000d6e80000, 0x0000000100000000)
  eden space 22016K, 0% used [0x00000000d5580000,0x00000000d5580000,0x00000000d6b00000)
  from space 1536K, 33% used [0x00000000d6b80000,0x00000000d6c00000,0x00000000d6d00000)
  to   space 1024K, 0% used [0x00000000d6d80000,0x00000000d6d80000,0x00000000d6e80000)
 ParOldGen       total 68608K, used 42388K [0x0000000080000000, 0x0000000084300000, 0x00000000d5580000)
  object space 68608K, 61% used [0x0000000080000000,0x00000000829650f0,0x0000000084300000)
 Metaspace       used 61708K, committed 63040K, reserved 1114112K
  class space    used 7834K, committed 8448K, reserved 1048576K
}

Dll operation events (14 events):
Event: 0.015 Loaded shared library c:\Users\LOQ 2\.vscode\extensions\redhat.java-1.55.0-win32-x64\jre\21.0.11-win32-x86_64\bin\java.dll
Event: 0.104 Loaded shared library c:\Users\LOQ 2\.vscode\extensions\redhat.java-1.55.0-win32-x64\jre\21.0.11-win32-x86_64\bin\zip.dll
Event: 0.131 Loaded shared library C:\Users\LOQ 2\.vscode\extensions\redhat.java-1.55.0-win32-x64\jre\21.0.11-win32-x86_64\bin\instrument.dll
Event: 0.141 Loaded shared library C:\Users\LOQ 2\.vscode\extensions\redhat.java-1.55.0-win32-x64\jre\21.0.11-win32-x86_64\bin\net.dll
Event: 0.144 Loaded shared library C:\Users\LOQ 2\.vscode\extensions\redhat.java-1.55.0-win32-x64\jre\21.0.11-win32-x86_64\bin\nio.dll
Event: 0.148 Loaded shared library C:\Users\LOQ 2\.vscode\extensions\redhat.java-1.55.0-win32-x64\jre\21.0.11-win32-x86_64\bin\zip.dll
Event: 0.174 Loaded shared library C:\Users\LOQ 2\.vscode\extensions\redhat.java-1.55.0-win32-x64\jre\21.0.11-win32-x86_64\bin\jimage.dll
Event: 0.332 Loaded shared library c:\Users\LOQ 2\.vscode\extensions\redhat.java-1.55.0-win32-x64\jre\21.0.11-win32-x86_64\bin\verify.dll
Event: 10.958 Loaded shared library C:\Users\LOQ 2\AppData\Roaming\Code\User\globalStorage\redhat.java\1.55.0\config_win\org.eclipse.equinox.launcher\org.eclipse.equinox.launcher.win32.win32.x86_64_1.3.100.v20260613-0559\eclipse_11924.dll
Event: 22.243 Loaded shared library C:\Users\LOQ 2\AppData\Local\Temp\jna-72619968\jna3779337263065627987.dll
Event: 25.987 Loaded shared library C:\Users\LOQ 2\.gradle\native\1def1411415f61bf3af743bc5b6707747c0891f09f0c88961ee8f79bc544acac\windows-amd64\native-platform.dll
Event: 28.631 Loaded shared library C:\Users\LOQ 2\.vscode\extensions\redhat.java-1.55.0-win32-x64\jre\21.0.11-win32-x86_64\bin\management.dll
Event: 28.642 Loaded shared library C:\Users\LOQ 2\.vscode\extensions\redhat.java-1.55.0-win32-x64\jre\21.0.11-win32-x86_64\bin\management_ext.dll
Event: 33.830 Loaded shared library C:\Users\LOQ 2\.vscode\extensions\redhat.java-1.55.0-win32-x64\jre\21.0.11-win32-x86_64\bin\extnet.dll

Deoptimization events (20 events):
Event: 34.181 Thread 0x00000233867eb2c0 Uncommon trap: trap_request=0xffffffde fr.pc=0x00000233ae780fc8 relative=0x00000000000001a8
Event: 34.181 Thread 0x00000233867eb2c0 Uncommon trap: reason=class_check action=maybe_recompile pc=0x00000233ae780fc8 method=java.lang.String.equals(Ljava/lang/Object;)Z @ 8 c2
Event: 34.181 Thread 0x00000233867eb2c0 DEOPT PACKING pc=0x00000233ae780fc8 sp=0x0000006a3c8fe380
Event: 34.181 Thread 0x00000233867eb2c0 DEOPT UNPACKING pc=0x00000233ae223aa2 sp=0x0000006a3c8fe318 mode 2
Event: 34.218 Thread 0x00000233867ef460 Uncommon trap: trap_request=0xffffffc6 fr.pc=0x00000233aeb06f44 relative=0x00000000000000a4
Event: 34.218 Thread 0x00000233867ef460 Uncommon trap: reason=bimorphic_or_optimized_type_check action=maybe_recompile pc=0x00000233aeb06f44 method=java.util.Collections$UnmodifiableMap$UnmodifiableEntrySet$1.hasNext()Z @ 4 c2
Event: 34.218 Thread 0x00000233867ef460 DEOPT PACKING pc=0x00000233aeb06f44 sp=0x0000006a3a6fea10
Event: 34.218 Thread 0x00000233867ef460 DEOPT UNPACKING pc=0x00000233ae223aa2 sp=0x0000006a3a6fe998 mode 2
Event: 34.218 Thread 0x00000233867ef460 Uncommon trap: trap_request=0xffffffc6 fr.pc=0x00000233aeb06f44 relative=0x00000000000000a4
Event: 34.218 Thread 0x00000233867ef460 Uncommon trap: reason=bimorphic_or_optimized_type_check action=maybe_recompile pc=0x00000233aeb06f44 method=java.util.Collections$UnmodifiableMap$UnmodifiableEntrySet$1.hasNext()Z @ 4 c2
Event: 34.218 Thread 0x00000233867ef460 DEOPT PACKING pc=0x00000233aeb06f44 sp=0x0000006a3a6fea10
Event: 34.218 Thread 0x00000233867ef460 DEOPT UNPACKING pc=0x00000233ae223aa2 sp=0x0000006a3a6fe998 mode 2
Event: 34.218 Thread 0x00000233867ef460 Uncommon trap: trap_request=0xffffffc6 fr.pc=0x00000233aeb06f44 relative=0x00000000000000a4
Event: 34.218 Thread 0x00000233867ef460 Uncommon trap: reason=bimorphic_or_optimized_type_check action=maybe_recompile pc=0x00000233aeb06f44 method=java.util.Collections$UnmodifiableMap$UnmodifiableEntrySet$1.hasNext()Z @ 4 c2
Event: 34.218 Thread 0x00000233867ef460 DEOPT PACKING pc=0x00000233aeb06f44 sp=0x0000006a3a6fea10
Event: 34.218 Thread 0x00000233867ef460 DEOPT UNPACKING pc=0x00000233ae223aa2 sp=0x0000006a3a6fe998 mode 2
Event: 34.218 Thread 0x00000233867ef460 Uncommon trap: trap_request=0xffffffc6 fr.pc=0x00000233aeb06f44 relative=0x00000000000000a4
Event: 34.218 Thread 0x00000233867ef460 Uncommon trap: reason=bimorphic_or_optimized_type_check action=maybe_recompile pc=0x00000233aeb06f44 method=java.util.Collections$UnmodifiableMap$UnmodifiableEntrySet$1.hasNext()Z @ 4 c2
Event: 34.218 Thread 0x00000233867ef460 DEOPT PACKING pc=0x00000233aeb06f44 sp=0x0000006a3a6fea10
Event: 34.218 Thread 0x00000233867ef460 DEOPT UNPACKING pc=0x00000233ae223aa2 sp=0x0000006a3a6fe998 mode 2

Classes loaded (20 events):
Event: 33.904 Loading class java/util/zip/CheckedInputStream
Event: 33.905 Loading class java/util/zip/CheckedInputStream done
Event: 33.967 Loading class java/io/StreamCorruptedException
Event: 33.968 Loading class java/io/StreamCorruptedException done
Event: 33.971 Loading class java/util/concurrent/ConcurrentSkipListMap$EntrySet
Event: 33.972 Loading class java/util/concurrent/ConcurrentSkipListMap$EntrySet done
Event: 33.972 Loading class java/util/concurrent/ConcurrentSkipListMap$EntryIterator
Event: 33.972 Loading class java/util/concurrent/ConcurrentSkipListMap$Iter
Event: 33.972 Loading class java/util/concurrent/ConcurrentSkipListMap$Iter done
Event: 33.972 Loading class java/util/concurrent/ConcurrentSkipListMap$EntryIterator done
Event: 34.216 Loading class java/lang/ProcessBuilder
Event: 34.218 Loading class java/lang/ProcessBuilder done
Event: 34.221 Loading class java/lang/ProcessImpl
Event: 34.222 Loading class java/lang/ProcessImpl done
Event: 34.254 Loading class java/lang/ProcessImpl$2
Event: 34.254 Loading class java/lang/ProcessImpl$2 done
Event: 34.254 Loading class java/lang/Process$PipeInputStream
Event: 34.254 Loading class java/lang/Process$PipeInputStream done
Event: 34.256 Loading class jdk/internal/event/ProcessStartEvent
Event: 34.257 Loading class jdk/internal/event/ProcessStartEvent done

Classes unloaded (13 events):
Event: 23.272 Thread 0x00000233ba534970 Unloading class 0x00000233bc1a9400 'java/lang/invoke/LambdaForm$MH+0x00000233bc1a9400'
Event: 23.272 Thread 0x00000233ba534970 Unloading class 0x00000233bc1a9000 'java/lang/invoke/LambdaForm$MH+0x00000233bc1a9000'
Event: 23.272 Thread 0x00000233ba534970 Unloading class 0x00000233bc1a8c00 'java/lang/invoke/LambdaForm$MH+0x00000233bc1a8c00'
Event: 23.272 Thread 0x00000233ba534970 Unloading class 0x00000233bc1a8800 'java/lang/invoke/LambdaForm$MH+0x00000233bc1a8800'
Event: 23.272 Thread 0x00000233ba534970 Unloading class 0x00000233bc1a8400 'java/lang/invoke/LambdaForm$BMH+0x00000233bc1a8400'
Event: 23.272 Thread 0x00000233ba534970 Unloading class 0x00000233bc1a8000 'java/lang/invoke/LambdaForm$DMH+0x00000233bc1a8000'
Event: 23.272 Thread 0x00000233ba534970 Unloading class 0x00000233bc1a6c00 'java/lang/invoke/LambdaForm$DMH+0x00000233bc1a6c00'
Event: 24.801 Thread 0x00000233ba534970 Unloading class 0x00000233bc32d000 'java/lang/invoke/LambdaForm$MH+0x00000233bc32d000'
Event: 24.801 Thread 0x00000233ba534970 Unloading class 0x00000233bc32c400 'java/lang/invoke/LambdaForm$MH+0x00000233bc32c400'
Event: 24.801 Thread 0x00000233ba534970 Unloading class 0x00000233bc32bc00 'java/lang/invoke/LambdaForm$MH+0x00000233bc32bc00'
Event: 24.801 Thread 0x00000233ba534970 Unloading class 0x00000233bc32b400 'java/lang/invoke/LambdaForm$MH+0x00000233bc32b400'
Event: 24.801 Thread 0x00000233ba534970 Unloading class 0x00000233bc32b000 'java/lang/invoke/LambdaForm$DMH+0x00000233bc32b000'
Event: 24.801 Thread 0x00000233ba534970 Unloading class 0x00000233bc32a800 'java/lang/invoke/LambdaForm$MH+0x00000233bc32a800'

Classes redefined (0 events):
No events

Internal exceptions (20 events):
Event: 28.000 Thread 0x00000233fed783d0 Exception <a 'sun/nio/fs/WindowsException'{0x00000000d5a6c608}> (0x00000000d5a6c608) 
thrown [s\src\hotspot\share\prims\jni.cpp, line 520]
Event: 28.000 Thread 0x00000233fed783d0 Exception <a 'sun/nio/fs/WindowsException'{0x00000000d5a6cc58}> (0x00000000d5a6cc58) 
thrown [s\src\hotspot\share\prims\jni.cpp, line 520]
Event: 28.001 Thread 0x00000233fed783d0 Exception <a 'sun/nio/fs/WindowsException'{0x00000000d5a6d668}> (0x00000000d5a6d668) 
thrown [s\src\hotspot\share\prims\jni.cpp, line 520]
Event: 28.001 Thread 0x00000233fed783d0 Exception <a 'sun/nio/fs/WindowsException'{0x00000000d5a6dcb8}> (0x00000000d5a6dcb8) 
thrown [s\src\hotspot\share\prims\jni.cpp, line 520]
Event: 28.002 Thread 0x00000233fed783d0 Exception <a 'sun/nio/fs/WindowsException'{0x00000000d5a6e748}> (0x00000000d5a6e748) 
thrown [s\src\hotspot\share\prims\jni.cpp, line 520]
Event: 28.002 Thread 0x00000233fed783d0 Exception <a 'sun/nio/fs/WindowsException'{0x00000000d5a6ed98}> (0x00000000d5a6ed98) 
thrown [s\src\hotspot\share\prims\jni.cpp, line 520]
Event: 28.161 Thread 0x0000023384fb93b0 Exception <a 'java/lang/NoSuchMethodError'{0x00000000d624ee70}: 'java.lang.Object java.lang.invoke.DirectMethodHandle$Holder.invokeVirtual(java.lang.Object, java.lang.Object, java.lang.Object, java.lang.Object, java.lang.Object, java.lang.Object)'> (0x00000000d624ee70) 
thrown [s\src\hotspot\share\interpreter\linkResolver.cpp, line 773]
Event: 28.296 Thread 0x0000023384fb93b0 Exception <a 'java/lang/NoSuchMethodError'{0x00000000d6789770}: 'java.lang.Object java.lang.invoke.DirectMethodHandle$Holder.invokeVirtual(java.lang.Object, java.lang.Object, java.lang.Object, java.lang.Object, java.lang.Object, java.lang.Object, java.lang.Object)'> (0x00000000d6789770) 
thrown [s\src\hotspot\share\interpreter\linkResolver.cpp, line 773]
Event: 28.432 Thread 0x0000023384fb93b0 Exception <a 'java/lang/NoSuchMethodError'{0x00000000d57be6a0}: 'java.lang.Object java.lang.invoke.DirectMethodHandle$Holder.invokeVirtual(java.lang.Object, java.lang.Object, java.lang.Object, java.lang.Object, java.lang.Object, java.lang.Object, java.lang.Object, java.lang.Object)'> (0x00000000d57be6a0) 
thrown [s\src\hotspot\share\interpreter\linkResolver.cpp, line 773]
Event: 28.519 Thread 0x0000023384fb93b0 Exception <a 'java/lang/NoSuchMethodError'{0x00000000d5b66348}: 'java.lang.Object java.lang.invoke.DirectMethodHandle$Holder.invokeVirtual(java.lang.Object, java.lang.Object, java.lang.Object, java.lang.Object, java.lang.Object, java.lang.Object, java.lang.Object, java.lang.Object, java.lang.Object, java.lang.Object, java.lang.Object, java.lang.Object)'> (0x00000000d5b66348) 
thrown [s\src\hotspot\share\interpreter\linkResolver.cpp, line 773]
Event: 28.526 Thread 0x0000023384fb93b0 Exception <a 'java/lang/NoSuchMethodError'{0x00000000d5bb5028}: 'java.lang.Object java.lang.invoke.DirectMethodHandle$Holder.invokeStatic(java.lang.Object, java.lang.Object, java.lang.Object, java.lang.Object, java.lang.Object, java.lang.Object, java.lang.Object, java.lang.Object, java.lang.Object, java.lang.Object, java.lang.Object, java.lang.Object, java.lang.Object)'> (0x00000000d5bb5028) 
thrown [s\src\hotspot\share\interpreter\linkResolver.cpp, line 773]
Event: 28.530 Thread 0x0000023384fb93b0 Exception <a 'java/lang/NoSuchMethodError'{0x00000000d5bd82b8}: 'java.lang.Object java.lang.invoke.DirectMethodHandle$Holder.invokeStatic(java.lang.Object, java.lang.Object, java.lang.Object, java.lang.Object, java.lang.Object, java.lang.Object, java.lang.Object, java.lang.Object, java.lang.Object, java.lang.Object, java.lang.Object, java.lang.Object, java.lang.Object, java.lang.Object)'> (0x00000000d5bd82b8) 
thrown [s\src\hotspot\share\interpreter\linkResolver.cpp, line 773]
Event: 30.375 Thread 0x00000233fed78a60 Exception <a 'java/io/FileNotFoundException'{0x00000000d56ddeb8}> (0x00000000d56ddeb8) 
thrown [s\src\hotspot\share\prims\jni.cpp, line 520]
Event: 30.376 Thread 0x00000233fed78a60 Exception <a 'java/io/FileNotFoundException'{0x00000000d57341f0}> (0x00000000d57341f0) 
thrown [s\src\hotspot\share\prims\jni.cpp, line 520]
Event: 30.376 Thread 0x00000233fed78a60 Exception <a 'java/io/FileNotFoundException'{0x00000000d5734f48}> (0x00000000d5734f48) 
thrown [s\src\hotspot\share\prims\jni.cpp, line 520]
Event: 33.942 Thread 0x00000233867eb2c0 Exception <a 'java/lang/NoSuchMethodError'{0x00000000d6abb5f0}: 'java.lang.Object java.lang.invoke.DirectMethodHandle$Holder.invokeVirtual(java.lang.Object, java.lang.Object, java.lang.Object, java.lang.Object, java.lang.Object, java.lang.Object, java.lang.Object, java.lang.Object, java.lang.Object)'> (0x00000000d6abb5f0) 
thrown [s\src\hotspot\share\interpreter\linkResolver.cpp, line 773]
Event: 34.030 Thread 0x00000233867eb2c0 Exception <a 'java/lang/NoSuchMethodError'{0x00000000d5980fc8}: 'long java.lang.invoke.DirectMethodHandle$Holder.invokeVirtual(java.lang.Object, java.lang.Object)'> (0x00000000d5980fc8) 
thrown [s\src\hotspot\share\interpreter\linkResolver.cpp, line 773]
Event: 34.030 Thread 0x00000233867eb2c0 Exception <a 'java/lang/NoSuchMethodError'{0x00000000d59843c8}: 'long java.lang.invoke.DelegatingMethodHandle$Holder.reinvoke_L(java.lang.Object, java.lang.Object)'> (0x00000000d59843c8) 
thrown [s\src\hotspot\share\interpreter\linkResolver.cpp, line 773]
Event: 34.253 Thread 0x00000233867ef460 Exception <a 'java/lang/NoSuchMethodError'{0x00000000d602e6d8}: 'void java.lang.invoke.DirectMethodHandle$Holder.invokeStatic(java.lang.Object, long)'> (0x00000000d602e6d8) 
thrown [s\src\hotspot\share\interpreter\linkResolver.cpp, line 773]
Event: 35.569 Thread 0x00000233867ef460 Exception <a 'java/lang/NoSuchMethodError'{0x00000000d6053128}: 'void java.lang.invoke.DirectMethodHandle$Holder.invokeSpecial(java.lang.Object, java.lang.Object, int)'> (0x00000000d6053128) 
thrown [s\src\hotspot\share\interpreter\linkResolver.cpp, line 773]

ZGC Phase Switch (0 events):
No events

VM Operations (20 events):
Event: 32.211 Executing safepoint VM operation: ParallelGCFailedAllocation (Allocation Failure)
Event: 32.214 Executing safepoint VM operation: ParallelGCFailedAllocation (Allocation Failure) done
Event: 32.514 Executing safepoint VM operation: ParallelGCFailedAllocation (Allocation Failure)
Event: 32.516 Executing safepoint VM operation: ParallelGCFailedAllocation (Allocation Failure) done
Event: 32.799 Executing safepoint VM operation: ParallelGCFailedAllocation (Allocation Failure)
Event: 32.800 Executing safepoint VM operation: ParallelGCFailedAllocation (Allocation Failure) done
Event: 33.052 Executing safepoint VM operation: ParallelGCFailedAllocation (Allocation Failure)
Event: 33.053 Executing safepoint VM operation: ParallelGCFailedAllocation (Allocation Failure) done
Event: 33.267 Executing safepoint VM operation: ParallelGCFailedAllocation (Allocation Failure)
Event: 33.268 Executing safepoint VM operation: ParallelGCFailedAllocation (Allocation Failure) done
Event: 33.550 Executing safepoint VM operation: ParallelGCFailedAllocation (Allocation Failure)
Event: 33.552 Executing safepoint VM operation: ParallelGCFailedAllocation (Allocation Failure) done
Event: 33.948 Executing safepoint VM operation: ParallelGCFailedAllocation (Allocation Failure)
Event: 33.950 Executing safepoint VM operation: ParallelGCFailedAllocation (Allocation Failure) done
Event: 33.984 Executing non-safepoint VM operation: HandshakeAllThreads (Deoptimize)
Event: 33.984 Executing non-safepoint VM operation: HandshakeAllThreads (Deoptimize) done
Event: 34.256 Executing non-safepoint VM operation: HandshakeAllThreads (Deoptimize)
Event: 34.256 Executing non-safepoint VM operation: HandshakeAllThreads (Deoptimize) done
Event: 35.256 Executing safepoint VM operation: Cleanup
Event: 35.256 Executing safepoint VM operation: Cleanup done

Memory protections (0 events):
No events

Nmethod flushes (20 events):
Event: 30.495 Thread 0x00000233ba534970 flushing  nmethod 0x00000233a74a5e10
Event: 30.495 Thread 0x00000233ba534970 flushing  nmethod 0x00000233a74a6b10
Event: 30.495 Thread 0x00000233ba534970 flushing  nmethod 0x00000233a74a6e90
Event: 30.495 Thread 0x00000233ba534970 flushing  nmethod 0x00000233a74be190
Event: 30.495 Thread 0x00000233ba534970 flushing  nmethod 0x00000233a74d5e10
Event: 30.495 Thread 0x00000233ba534970 flushing  nmethod 0x00000233a74d6d10
Event: 30.495 Thread 0x00000233ba534970 flushing  nmethod 0x00000233a74d8290
Event: 30.495 Thread 0x00000233ba534970 flushing  nmethod 0x00000233a74d9890
Event: 30.495 Thread 0x00000233ba534970 flushing  nmethod 0x00000233a74dc910
Event: 30.495 Thread 0x00000233ba534970 flushing  nmethod 0x00000233a74e7890
Event: 30.495 Thread 0x00000233ba534970 flushing  nmethod 0x00000233a74e7b90
Event: 30.495 Thread 0x00000233ba534970 flushing  nmethod 0x00000233a74f8310
Event: 30.495 Thread 0x00000233ba534970 flushing  nmethod 0x00000233a7504590
Event: 30.495 Thread 0x00000233ba534970 flushing  nmethod 0x00000233a7511a90
Event: 30.495 Thread 0x00000233ba534970 flushing  nmethod 0x00000233a7527290
Event: 30.495 Thread 0x00000233ba534970 flushing  nmethod 0x00000233a753d710
Event: 30.495 Thread 0x00000233ba534970 flushing  nmethod 0x00000233a7561210
Event: 30.495 Thread 0x00000233ba534970 flushing  nmethod 0x00000233a756b510
Event: 30.495 Thread 0x00000233ba534970 flushing  nmethod 0x00000233a756cf90
Event: 30.495 Thread 0x00000233ba534970 flushing  nmethod 0x00000233a756d790

Events (20 events):
Event: 28.069 Thread 0x00000233fed783d0 Thread added: 0x00000233867e8b60
Event: 28.072 Thread 0x00000233fed783d0 Thread added: 0x00000233867eac30
Event: 28.402 Thread 0x00000233fed76300 Thread added: 0x00000233867e9f10
Event: 28.813 Thread 0x0000023384fb93b0 Thread exited: 0x0000023384fb93b0
Event: 28.813 Thread 0x00000233867eac30 Thread exited: 0x00000233867eac30
Event: 28.827 Thread 0x00000233fed76990 Thread added: 0x00000233867e9880
Event: 28.835 Thread 0x00000233fed783d0 Thread added: 0x00000233867ea5a0
Event: 28.845 Thread 0x00000233fed783d0 Thread added: 0x00000233867e91f0
Event: 28.873 Thread 0x00000233867e91f0 Thread exited: 0x00000233867e91f0
Event: 28.874 Thread 0x00000233fed783d0 Thread added: 0x00000233867eac30
Event: 28.944 Thread 0x00000233fed783d0 Thread added: 0x00000233867e91f0
Event: 28.946 Thread 0x00000233fed783d0 Thread added: 0x00000233867e84d0
Event: 28.962 Thread 0x00000233867e84d0 Thread exited: 0x00000233867e84d0
Event: 28.966 Thread 0x00000233fed783d0 Thread added: 0x00000233867e7e40
Event: 28.981 Thread 0x00000233fed783d0 Thread added: 0x00000233867eb2c0
Event: 33.688 Thread 0x00000233fed58b90 Thread exited: 0x00000233fed58b90
Event: 34.054 Thread 0x00000233867eb2c0 Thread added: 0x00000233867e84d0
Event: 34.215 Thread 0x00000233867eb2c0 Thread added: 0x00000233867ef460
Event: 34.260 Thread 0x00000233867ef460 Thread added: 0x00000233867eedd0
Event: 34.260 Thread 0x00000233867ef460 Thread added: 0x00000233867ebfe0


Dynamic libraries:
0x00007ff6f4eb0000 - 0x00007ff6f4ebe000 	c:\Users\LOQ 2\.vscode\extensions\redhat.java-1.55.0-win32-x64\jre\21.0.11-win32-x86_64\bin\java.exe
0x00007ffe31a00000 - 0x00007ffe31c66000 	C:\Windows\SYSTEM32\ntdll.dll
0x00007ffe2f730000 - 0x00007ffe2f7f9000 	C:\Windows\System32\KERNEL32.DLL
0x00007ffe2ee60000 - 0x00007ffe2f25f000 	C:\Windows\System32\KERNELBASE.dll
0x00007ffe2f270000 - 0x00007ffe2f3bc000 	C:\Windows\System32\ucrtbase.dll
0x00007ffdf82c0000 - 0x00007ffdf82de000 	c:\Users\LOQ 2\.vscode\extensions\redhat.java-1.55.0-win32-x64\jre\21.0.11-win32-x86_64\bin\VCRUNTIME140.dll
0x00007ffe06690000 - 0x00007ffe066a8000 	c:\Users\LOQ 2\.vscode\extensions\redhat.java-1.55.0-win32-x64\jre\21.0.11-win32-x86_64\bin\jli.dll
0x00007ffe2fb20000 - 0x00007ffe2fce6000 	C:\Windows\System32\USER32.dll
0x00007ffe1c970000 - 0x00007ffe1cc01000 	C:\Windows\WinSxS\amd64_microsoft.windows.common-controls_6595b64144ccf1df_6.0.26100.8972_none_3e0da176e32f9d4b\COMCTL32.dll
0x00007ffe30bc0000 - 0x00007ffe30c69000 	C:\Windows\System32\msvcrt.dll
0x00007ffe2f640000 - 0x00007ffe2f667000 	C:\Windows\System32\win32u.dll
0x00007ffe31340000 - 0x00007ffe3136b000 	C:\Windows\System32\GDI32.dll
0x00007ffe2f480000 - 0x00007ffe2f5a9000 	C:\Windows\System32\gdi32full.dll
0x00007ffe2f3d0000 - 0x00007ffe2f473000 	C:\Windows\System32\msvcp_win.dll
0x00007ffe2fae0000 - 0x00007ffe2fb12000 	C:\Windows\System32\IMM32.DLL
0x00007ffe28690000 - 0x00007ffe2869c000 	c:\Users\LOQ 2\.vscode\extensions\redhat.java-1.55.0-win32-x64\jre\21.0.11-win32-x86_64\bin\vcruntime140_1.dll
0x00007ffde7e20000 - 0x00007ffde7ead000 	c:\Users\LOQ 2\.vscode\extensions\redhat.java-1.55.0-win32-x64\jre\21.0.11-win32-x86_64\bin\msvcp140.dll
0x00007ffd43760000 - 0x00007ffd44502000 	c:\Users\LOQ 2\.vscode\extensions\redhat.java-1.55.0-win32-x64\jre\21.0.11-win32-x86_64\bin\server\jvm.dll
0x00007ffe2f9d0000 - 0x00007ffe2fa8c000 	C:\Windows\System32\ADVAPI32.dll
0x00007ffe31290000 - 0x00007ffe3133a000 	C:\Windows\System32\sechost.dll
0x00007ffe30510000 - 0x00007ffe30628000 	C:\Windows\System32\RPCRT4.dll
0x00007ffe31370000 - 0x00007ffe313f2000 	C:\Windows\System32\WS2_32.dll
0x00007ffe2d730000 - 0x00007ffe2d78e000 	C:\Windows\SYSTEM32\POWRPROF.dll
0x00007ffe2b630000 - 0x00007ffe2b666000 	C:\Windows\SYSTEM32\WINMM.dll
0x00007ffe259e0000 - 0x00007ffe259eb000 	C:\Windows\SYSTEM32\VERSION.dll
0x00007ffe2d710000 - 0x00007ffe2d725000 	C:\Windows\SYSTEM32\UMPDC.dll
0x00007ffe2da00000 - 0x00007ffe2da1b000 	C:\Windows\SYSTEM32\kernel.appcore.dll
0x00007ffe25710000 - 0x00007ffe2571a000 	c:\Users\LOQ 2\.vscode\extensions\redhat.java-1.55.0-win32-x64\jre\21.0.11-win32-x86_64\bin\jimage.dll
0x00007ffe2c2b0000 - 0x00007ffe2c4f2000 	C:\Windows\SYSTEM32\DBGHELP.DLL
0x00007ffe30750000 - 0x00007ffe30ad5000 	C:\Windows\System32\combase.dll
0x00007ffe30ae0000 - 0x00007ffe30bb9000 	C:\Windows\System32\OLEAUT32.dll
0x00007ffe14710000 - 0x00007ffe1474b000 	C:\Windows\SYSTEM32\dbgcore.DLL
0x00007ffe2eda0000 - 0x00007ffe2ee4c000 	C:\Windows\System32\bcryptPrimitives.dll
0x00007ffe1ff80000 - 0x00007ffe1ff8f000 	c:\Users\LOQ 2\.vscode\extensions\redhat.java-1.55.0-win32-x64\jre\21.0.11-win32-x86_64\bin\instrument.dll
0x00007ffdf7d70000 - 0x00007ffdf7d90000 	c:\Users\LOQ 2\.vscode\extensions\redhat.java-1.55.0-win32-x64\jre\21.0.11-win32-x86_64\bin\java.dll
0x00007ffe2fd80000 - 0x00007ffe30508000 	C:\Windows\System32\SHELL32.dll
0x00007ffe2c6c0000 - 0x00007ffe2cf5b000 	C:\Windows\SYSTEM32\windows.storage.dll
0x00007ffe30c70000 - 0x00007ffe30d69000 	C:\Windows\System32\SHCORE.dll
0x00007ffe30630000 - 0x00007ffe30696000 	C:\Windows\System32\shlwapi.dll
0x00007ffe2eb30000 - 0x00007ffe2eb59000 	C:\Windows\SYSTEM32\profapi.dll
0x00007ffdf41a0000 - 0x00007ffdf41b8000 	c:\Users\LOQ 2\.vscode\extensions\redhat.java-1.55.0-win32-x64\jre\21.0.11-win32-x86_64\bin\zip.dll
0x00007ffe220d0000 - 0x00007ffe220e0000 	C:\Users\LOQ 2\.vscode\extensions\redhat.java-1.55.0-win32-x64\jre\21.0.11-win32-x86_64\bin\net.dll
0x00007ffe26890000 - 0x00007ffe269b8000 	C:\Windows\SYSTEM32\WINHTTP.dll
0x00007ffe2dfd0000 - 0x00007ffe2e03c000 	C:\Windows\system32\mswsock.dll
0x00007ffdf3e70000 - 0x00007ffdf3e86000 	C:\Users\LOQ 2\.vscode\extensions\redhat.java-1.55.0-win32-x64\jre\21.0.11-win32-x86_64\bin\nio.dll
0x00007ffe1ee80000 - 0x00007ffe1ee90000 	c:\Users\LOQ 2\.vscode\extensions\redhat.java-1.55.0-win32-x64\jre\21.0.11-win32-x86_64\bin\verify.dll
0x00007ffde7600000 - 0x00007ffde7645000 	C:\Users\LOQ 2\AppData\Roaming\Code\User\globalStorage\redhat.java\1.55.0\config_win\org.eclipse.equinox.launcher\org.eclipse.equinox.launcher.win32.win32.x86_64_1.3.100.v20260613-0559\eclipse_11924.dll
0x00007ffe31410000 - 0x00007ffe315a9000 	C:\Windows\System32\ole32.dll
0x00007ffe2e2c0000 - 0x00007ffe2e2db000 	C:\Windows\SYSTEM32\CRYPTSP.dll
0x00007ffe2d960000 - 0x00007ffe2d999000 	C:\Windows\system32\rsaenh.dll
0x00007ffe2e080000 - 0x00007ffe2e0b2000 	C:\Windows\SYSTEM32\USERENV.dll
0x00007ffe2eb00000 - 0x00007ffe2eb2a000 	C:\Windows\SYSTEM32\bcrypt.dll
0x00007ffe2e2e0000 - 0x00007ffe2e2ec000 	C:\Windows\SYSTEM32\CRYPTBASE.dll
0x00007ffe2d300000 - 0x00007ffe2d333000 	C:\Windows\SYSTEM32\IPHLPAPI.DLL
0x00007ffe2f9a0000 - 0x00007ffe2f9aa000 	C:\Windows\System32\NSI.dll
0x00007ffdd7340000 - 0x00007ffdd7389000 	C:\Users\LOQ 2\AppData\Local\Temp\jna-72619968\jna3779337263065627987.dll
0x00007ffe31400000 - 0x00007ffe31408000 	C:\Windows\System32\PSAPI.DLL
0x00007ffe26860000 - 0x00007ffe2687d000 	C:\Windows\SYSTEM32\dhcpcsvc6.DLL
0x00007ffe26830000 - 0x00007ffe26855000 	C:\Windows\SYSTEM32\dhcpcsvc.DLL
0x00007ffded8a0000 - 0x00007ffded8c7000 	C:\Users\LOQ 2\.gradle\native\1def1411415f61bf3af743bc5b6707747c0891f09f0c88961ee8f79bc544acac\windows-amd64\native-platform.dll
0x00007ffe1b280000 - 0x00007ffe1b28a000 	C:\Users\LOQ 2\.vscode\extensions\redhat.java-1.55.0-win32-x64\jre\21.0.11-win32-x86_64\bin\management.dll
0x00007ffe17fc0000 - 0x00007ffe17fcc000 	C:\Users\LOQ 2\.vscode\extensions\redhat.java-1.55.0-win32-x64\jre\21.0.11-win32-x86_64\bin\management_ext.dll
0x00007ffe117c0000 - 0x00007ffe117c9000 	C:\Users\LOQ 2\.vscode\extensions\redhat.java-1.55.0-win32-x64\jre\21.0.11-win32-x86_64\bin\extnet.dll

JVMTI agents:
c:\Users\LOQ 2\.vscode\extensions\redhat.java-1.55.0-win32-x64\lombok\lombok-1.18.39-4050.jar path:c:\Users\LOQ 2\.vscode\extensions\redhat.java-1.55.0-win32-x64\jre\21.0.11-win32-x86_64\bin\instrument.dll, loaded, initialized, instrumentlib options:none

dbghelp: loaded successfully - version: 4.0.5 - missing functions: none
symbol engine: initialized successfully - sym options: 0x614 - pdb path: .;c:\Users\LOQ 2\.vscode\extensions\redhat.java-1.55.0-win32-x64\jre\21.0.11-win32-x86_64\bin;C:\Windows\SYSTEM32;C:\Windows\WinSxS\amd64_microsoft.windows.common-controls_6595b64144ccf1df_6.0.26100.8972_none_3e0da176e32f9d4b;c:\Users\LOQ 2\.vscode\extensions\redhat.java-1.55.0-win32-x64\jre\21.0.11-win32-x86_64\bin\server;C:\Users\LOQ 2\AppData\Roaming\Code\User\globalStorage\redhat.java\1.55.0\config_win\org.eclipse.equinox.launcher\org.eclipse.equinox.launcher.win32.win32.x86_64_1.3.100.v20260613-0559;C:\Users\LOQ 2\AppData\Local\Temp\jna-72619968;C:\Users\LOQ 2\.gradle\native\1def1411415f61bf3af743bc5b6707747c0891f09f0c88961ee8f79bc544acac\windows-amd64

VM Arguments:
jvm_args: --add-modules=ALL-SYSTEM --add-opens=java.base/java.util=ALL-UNNAMED --add-opens=java.base/java.lang=ALL-UNNAMED --add-opens=java.base/sun.nio.fs=ALL-UNNAMED -Declipse.application=org.eclipse.jdt.ls.core.id1 -Dosgi.bundles.defaultStartLevel=4 -Declipse.product=org.eclipse.jdt.ls.core.product -Djava.import.generatesMetadataFilesAtProjectRoot=false -DDetectVMInstallationsJob.disabled=true -Dfile.encoding=utf8 -XX:+UseParallelGC -XX:GCTimeRatio=4 -XX:AdaptiveSizePolicyWeight=90 -Dsun.zip.disableMemoryMapping=true -Xmx2G -Xms100m -Xlog:disable -javaagent:c:\Users\LOQ 2\.vscode\extensions\redhat.java-1.55.0-win32-x64\lombok\lombok-1.18.39-4050.jar -XX:+HeapDumpOnOutOfMemoryError -XX:HeapDumpPath=c:\Users\LOQ 2\AppData\Roaming\Code\User\workspaceStorage\fdb34aa37b70fd6e0df7580ce70d9c09\redhat.java -Daether.dependencyCollector.impl=bf 
java_command: c:\Users\LOQ 2\.vscode\extensions\redhat.java-1.55.0-win32-x64\server\plugins\org.eclipse.equinox.launcher_1.7.200.v20260619-2039.jar -configuration c:\Users\LOQ 2\AppData\Roaming\Code\User\globalStorage\redhat.java\1.55.0\config_win -data c:\Users\LOQ 2\AppData\Roaming\Code\User\workspaceStorage\fdb34aa37b70fd6e0df7580ce70d9c09\redhat.java\jdt_ws --pipe=\\.\pipe\lsp-22b7b440754f1336e6cd4f950406f3fa-sock
java_class_path (initial): c:\Users\LOQ 2\.vscode\extensions\redhat.java-1.55.0-win32-x64\server\plugins\org.eclipse.equinox.launcher_1.7.200.v20260619-2039.jar
Launcher Type: SUN_STANDARD

[Global flags]
    uintx AdaptiveSizePolicyWeight                 = 90                                        {product} {command line}
     intx CICompilerCount                          = 4                                         {product} {ergonomic}
    uintx GCTimeRatio                              = 4                                         {product} {command line}
     bool HeapDumpOnOutOfMemoryError               = true                                   {manageable} {command line}
    ccstr HeapDumpPath                             = c:\Users\LOQ 2\AppData\Roaming\Code\User\workspaceStorage\fdb34aa37b70fd6e0df7580ce70d9c09\redhat.java         {manageable} {command line}
   size_t InitialHeapSize                          = 104857600                                 {product} {command line}
   size_t MaxHeapSize                              = 2147483648                                {product} {command line}
   size_t MaxNewSize                               = 715653120                                 {product} {ergonomic}
   size_t MinHeapDeltaBytes                        = 524288                                    {product} {ergonomic}
   size_t MinHeapSize                              = 104857600                                 {product} {command line}
   size_t NewSize                                  = 34603008                                  {product} {ergonomic}
    uintx NonNMethodCodeHeapSize                   = 5839372                                {pd product} {ergonomic}
    uintx NonProfiledCodeHeapSize                  = 122909434                              {pd product} {ergonomic}
   size_t OldSize                                  = 70254592                                  {product} {ergonomic}
     bool PerfDisableSharedMem                     = true                                      {product} {ergonomic}
    uintx ProfiledCodeHeapSize                     = 122909434                              {pd product} {ergonomic}
    uintx ReservedCodeCacheSize                    = 251658240                              {pd product} {ergonomic}
     bool SegmentedCodeCache                       = true                                      {product} {ergonomic}
   size_t SoftMaxHeapSize                          = 2147483648                             {manageable} {ergonomic}
     bool UseCompressedOops                        = true                           {product lp64_product} {ergonomic}
     bool UseLargePagesIndividualAllocation        = false                                  {pd product} {ergonomic}
     bool UseParallelGC                            = true                                      {product} {command line}

Logging:
Log output configuration:
 #0: stdout all=off uptime,level,tags foldmultilines=false
 #1: stderr all=off uptime,level,tags foldmultilines=false

Release file:
JAVA_VERSION="21.0.11" 
MODULES="java.base java.compiler java.datatransfer java.xml java.prefs java.desktop java.instrument java.logging java.management java.security.sasl java.naming java.rmi java.management.rmi java.net.http java.scripting java.security.jgss java.transaction.xa java.sql java.sql.rowset java.xml.crypto java.se java.smartcardio jdk.accessibility jdk.internal.jvmstat jdk.attach jdk.charsets jdk.internal.opt jdk.zipfs jdk.compiler jdk.crypto.ec jdk.crypto.cryptoki jdk.crypto.mscapi jdk.dynalink jdk.internal.ed jdk.editpad jdk.hotspot.agent jdk.httpserver jdk.internal.le jdk.internal.vm.ci jdk.internal.vm.compiler jdk.internal.vm.compiler.management jdk.jartool jdk.javadoc jdk.jcmd jdk.management jdk.management.agent jdk.jconsole jdk.jdeps jdk.jdwp.agent jdk.jdi jdk.jfr jdk.jshell jdk.jsobject jdk.jstatd jdk.localedata jdk.management.jfr jdk.naming.dns jdk.naming.rmi jdk.net jdk.nio.mapmode jdk.random jdk.sctp jdk.security.auth jdk.security.jgss jdk.unsupported jdk.unsupported.desktop jdk.xml.dom" 

Environment Variables:
PATH=C:\Program Files (x86)\Common Files\Oracle\Java\java8path;C:\Program Files (x86)\Common Files\Oracle\Java\javapath;C:\Program Files\OpenSSH\;C:\Windows\system32;C:\Windows;C:\Windows\System32\Wbem;C:\Windows\System32\WindowsPowerShell\v1.0\;C:\Windows\System32\OpenSSH\;C:\Program Files (x86)\NVIDIA Corporation\PhysX\Common;C:\Program Files\NVIDIA Corporation\NVIDIA NvDLISR;C:\Program Files\dotnet\;C:\Program Files\nodejs\;C:\Program Files\Git\cmd;C:\Windows\system32\config\systemprofile\AppData\Local\Muse Hub\lib;C:\Program Files\Microsoft SQL Server\150\Tools\Binn\;C:\Program Files\Microsoft SQL Server\Client SDK\ODBC\170\Tools\Binn\;C:\Program Files (x86)\Windows Kits\10\Windows Performance Toolkit\;C:\flutter\bin;C:\Users\LOQ 2\AppData\Local\Programs\Python\Launcher\;C:\Users\LOQ 2\AppData\Local\Microsoft\WindowsApps;C:\Users\LOQ 2\AppData\Local\Muse Hub\lib;C:\Users\LOQ 2\.dotnet\tools;C:\Users\LOQ 2\AppData\Local\Programs\Microsoft VS Code\bin;C:\Users\LOQ 2\AppData\Roaming\npm
USERNAME=LOQ 2
OS=Windows_NT
PROCESSOR_IDENTIFIER=Intel64 Family 6 Model 151 Stepping 2, GenuineIntel
TMP=C:\Users\LOQ2~1\AppData\Local\Temp
TEMP=C:\Users\LOQ2~1\AppData\Local\Temp




Periodic native trim disabled

---------------  S Y S T E M  ---------------

OS:
 Windows 11 , 64 bit Build 26100 (10.0.26100.9168)
OS uptime: 0 days 3:41 hours
Hyper-V role detected

CPU: total 12 (initial active 12) (6 cores per cpu, 2 threads per core) family 6 model 151 stepping 2 microcode 0x2e, cx8, cmov, fxsr, ht, mmx, 3dnowpref, sse, sse2, sse3, ssse3, sse4.1, sse4.2, popcnt, lzcnt, tsc, tscinvbit, avx, avx2, aes, erms, clmul, bmi1, bmi2, adx, sha, fma, vzeroupper, clflush, clflushopt, clwb, hv, serialize, rdtscp, rdpid, fsrm, f16c, cet_ibt, cet_ss
Processor Information for processor 0
  Max Mhz: 2400, Current Mhz: 1520, Mhz Limit: 2400
Processor Information for processor 1
  Max Mhz: 2400, Current Mhz: 2400, Mhz Limit: 2400
Processor Information for processor 2
  Max Mhz: 2400, Current Mhz: 2400, Mhz Limit: 2400
Processor Information for processor 3
  Max Mhz: 2400, Current Mhz: 2400, Mhz Limit: 2400
Processor Information for processor 4
  Max Mhz: 2400, Current Mhz: 1520, Mhz Limit: 2400
Processor Information for processor 5
  Max Mhz: 2400, Current Mhz: 1520, Mhz Limit: 2400
Processor Information for processor 6
  Max Mhz: 2400, Current Mhz: 1520, Mhz Limit: 2400
Processor Information for processor 7
  Max Mhz: 2400, Current Mhz: 1520, Mhz Limit: 2400
Processor Information for processor 8
  Max Mhz: 2400, Current Mhz: 1500, Mhz Limit: 1800
Processor Information for processor 9
  Max Mhz: 2400, Current Mhz: 1500, Mhz Limit: 1800
Processor Information for processor 10
  Max Mhz: 2400, Current Mhz: 1500, Mhz Limit: 1800
Processor Information for processor 11
  Max Mhz: 2400, Current Mhz: 1500, Mhz Limit: 1800

Memory: 4k page, system-wide physical 12011M (337M free)
TotalPageFile size 48875M (AvailPageFile size 95M)
current process WorkingSet (physical memory assigned to process): 276M, peak: 279M
current process commit charge ("private bytes"): 392M, peak: 394M

vm_info: OpenJDK 64-Bit Server VM (21.0.11+10-LTS) for windows-amd64 JRE (21.0.11+10-LTS), built on 2026-04-21T00:00:00Z by "admin" with MS VC++ 17.12 (VS2022)

END.
